{"status": "DONE", "expected": "/data/CSK/ETPM/et-rcm/results/stage2d/checkpoints/formal/controls/gru/7805/checkpoint.pt"}
{"status": "DONE", "expected": "/data/CSK/ETPM/et-rcm/results/stage2d/checkpoints/formal/controls/gru/7801/checkpoint.pt"}
{"status": "DONE", "expected": "/data/CSK/ETPM/et-rcm/results/stage2d/checkpoints/formal/controls/gru/7804/checkpoint.pt"}
{"status": "DONE", "expected": "/data/CSK/ETPM/et-rcm/results/stage2d/checkpoints/formal/controls/gru/7803/checkpoint.pt"}
{"status": "DONE", "expected": "/data/CSK/ETPM/et-rcm/results/stage2d/checkpoints/formal/controls/gru/7802/checkpoint.pt"}
{"status": "DONE", "expected": "/data/CSK/ETPM/et-rcm/results/stage2d/checkpoints/formal/controls/no_memory/7802/checkpoint.pt"}
{"status": "DONE", "expected": "/data/CSK/ETPM/et-rcm/results/stage2d/checkpoints/formal/controls/no_memory/7805/checkpoint.pt"}
{"status": "DONE", "expected": "/data/CSK/ETPM/et-rcm/results/stage2d/checkpoints/formal/controls/no_memory/7801/checkpoint.pt"}
{"status": "DONE", "expected": "/data/CSK/ETPM/et-rcm/results/stage2d/checkpoints/formal/controls/no_memory/7804/checkpoint.pt"}
{"status": "DONE", "expected": "/data/CSK/ETPM/et-rcm/results/stage2d/checkpoints/formal/controls/no_memory/7803/checkpoint.pt"}
{"status": "DONE", "expected": "/data/CSK/ETPM/et-rcm/results/stage2d/checkpoints/formal/controls/gamma_zero/7802/checkpoint.pt"}
{"status": "DONE", "expected": "/data/CSK/ETPM/et-rcm/results/stage2d/checkpoints/formal/controls/gamma_zero/7804/checkpoint.pt"}
{"status": "DONE", "expected": "/data/CSK/ETPM/et-rcm/results/stage2d/checkpoints/formal/controls/gamma_zero/7805/checkpoint.pt"}
{"status": "DONE", "expected": "/data/CSK/ETPM/et-rcm/results/stage2d/checkpoints/formal/controls/gamma_zero/7801/checkpoint.pt"}
{"status": "DONE", "expected": "/data/CSK/ETPM/et-rcm/results/stage2d/checkpoints/formal/controls/gamma_zero/7803/checkpoint.pt"}
{"status": "DONE", "expected": "/data/CSK/ETPM/et-rcm/results/stage2d/checkpoints/formal/controls/f_only/7804/checkpoint.pt"}
{"status": "DONE", "expected": "/data/CSK/ETPM/et-rcm/results/stage2d/checkpoints/formal/controls/f_only/7801/checkpoint.pt"}
{"status": "DONE", "expected": "/data/CSK/ETPM/et-rcm/results/stage2d/checkpoints/formal/controls/f_only/7803/checkpoint.pt"}
{"status": "DONE", "expected": "/data/CSK/ETPM/et-rcm/results/stage2d/checkpoints/formal/controls/f_only/7805/checkpoint.pt"}
{"status": "DONE", "expected": "/data/CSK/ETPM/et-rcm/results/stage2d/checkpoints/formal/controls/f_only/7802/checkpoint.pt"}
{"status": "DONE", "expected": "/data/CSK/ETPM/et-rcm/results/stage2d/checkpoints/formal/primary/7807/checkpoint.pt"}
{"status": "DONE", "expected": "/data/CSK/ETPM/et-rcm/results/stage2d/checkpoints/formal/primary/7804/checkpoint.pt"}
{"status": "DONE", "expected": "/data/CSK/ETPM/et-rcm/results/stage2d/checkpoints/formal/primary/7808/checkpoint.pt"}
{"status": "DONE", "expected": "/data/CSK/ETPM/et-rcm/results/stage2d/checkpoints/formal/controls/a0/7801/checkpoint.pt"}
{"status": "DONE", "expected": "/data/CSK/ETPM/et-rcm/results/stage2d/checkpoints/formal/primary/7802/checkpoint.pt"}
{"status": "DONE", "expected": "/data/CSK/ETPM/et-rcm/results/stage2d/checkpoints/formal/primary/7806/checkpoint.pt"}
{"status": "DONE", "expected": "/data/CSK/ETPM/et-rcm/results/stage2d/checkpoints/formal/controls/a0/7805/checkpoint.pt"}
{"status": "DONE", "expected": "/data/CSK/ETPM/et-rcm/results/stage2d/checkpoints/formal/primary/7805/checkpoint.pt"}
{"status": "DONE", "expected": "/data/CSK/ETPM/et-rcm/results/stage2d/checkpoints/formal/primary/7803/checkpoint.pt"}
{"status": "DONE", "expected": "/data/CSK/ETPM/et-rcm/results/stage2d/checkpoints/formal/controls/a0/7803/checkpoint.pt"}
{"status": "DONE", "expected": "/data/CSK/ETPM/et-rcm/results/stage2d/checkpoints/formal/controls/a0/7802/checkpoint.pt"}
{"status": "DONE", "expected": "/data/CSK/ETPM/et-rcm/results/stage2d/checkpoints/formal/primary/7801/checkpoint.pt"}
{"status": "DONE", "expected": "/data/CSK/ETPM/et-rcm/results/stage2d/checkpoints/formal/controls/a0/7804/checkpoint.pt"}
{"phase": "formal-train", "jobs": 33, "done": 33, "skipped": 0}
